| RAM[266] | RAM[267] | RAM[268] | RAM[269] |
|       0  |       0  |      -1  |       0  |
